Adding transaction: 12358 Cat Dov 150000 200
Thread 0 checking nonce 0x00000000
Thread 0 checking nonce 0x00000010
Thread 0 checking nonce 0x00000020
Thread 0 checking nonce 0x00000030
Thread 0 checking nonce 0x00000040
Thread 0 checking nonce 0x00000050
Thread 0 checking nonce 0x00000060
Thread 0 checking nonce 0x00000070
Thread 0 checking nonce 0x00000080
Thread 0 checking nonce 0x00000090
Thread 0 checking nonce 0x000000a0
Thread 0 checking nonce 0x000000b0
Thread 0 checking nonce 0x000000c0
Thread 0 checking nonce 0x000000d0
Thread 0 checking nonce 0x000000e0
Thread 0 checking nonce 0x000000f0
Thread 0 checking nonce 0x00000100
Thread 0 checking nonce 0x00000110
Thread 0 checking nonce 0x00000120
Thread 0 checking nonce 0x00000130
Thread 0 checking nonce 0x00000140
Thread 0 checking nonce 0x00000150
Thread 0 checking nonce 0x00000160
Thread 0 checking nonce 0x00000170
Thread 0 checking nonce 0x00000180
Thread 0 checking nonce 0x00000190
Thread 0 checking nonce 0x000001a0
Thread 0 checking nonce 0x000001b0
Thread 0 checking nonce 0x000001c0
Thread 0 checking nonce 0x000001d0
Thread 0 checking nonce 0x000001e0
Thread 0 checking nonce 0x000001f0
Thread 0 checking nonce 0x00000200
Thread 0 checking nonce 0x00000210
Thread 0 checking nonce 0x00000220
Thread 0 checking nonce 0x00000230
Thread 0 checking nonce 0x00000240
Thread 0 checking nonce 0x00000250
Thread 0 checking nonce 0x00000260
Thread 0 checking nonce 0x00000270
Thread 0 checking nonce 0x00000280
Thread 0 checking nonce 0x00000290
Thread 0 checking nonce 0x000002a0
Thread 0 checking nonce 0x000002b0
Thread 0 checking nonce 0x000002c0
Thread 0 checking nonce 0x000002d0
Thread 0 checking nonce 0x000002e0
Thread 0 checking nonce 0x000002f0
Thread 0 checking nonce 0x00000300
Thread 0 checking nonce 0x00000310
Thread 0 checking nonce 0x00000320
Thread 0 checking nonce 0x00000330
Thread 0 checking nonce 0x00000340
Thread 0 checking nonce 0x00000350
Thread 0 checking nonce 0x00000360
Thread 0 checking nonce 0x00000370
Thread 0 checking nonce 0x00000380
Thread 0 checking nonce 0x00000390
Thread 0 checking nonce 0x000003a0
Thread 0 checking nonce 0x000003b0
Thread 0 checking nonce 0x000003c0
Thread 0 checking nonce 0x000003d0
Thread 0 checking nonce 0x000003e0
Thread 0 checking nonce 0x000003f0
Thread 0 checking nonce 0x00000400
Thread 0 checking nonce 0x00000410
Thread 0 checking nonce 0x00000420
Thread 0 checking nonce 0x00000430
Thread 0 checking nonce 0x00000440
Thread 0 checking nonce 0x00000450
Thread 0 checking nonce 0x00000460
Thread 0 checking nonce 0x00000470
Thread 0 checking nonce 0x00000480
Thread 0 checking nonce 0x00000490
Thread 0 checking nonce 0x000004a0
Thread 0 checking nonce 0x000004b0
Thread 0 checking nonce 0x000004c0
Thread 0 checking nonce 0x000004d0
Thread 0 checking nonce 0x000004e0
Thread 0 checking nonce 0x000004f0
Thread 0 checking nonce 0x00000500
Thread 0 checking nonce 0x00000510
Thread 0 checking nonce 0x00000520
Thread 0 checking nonce 0x00000530
Thread 0 checking nonce 0x00000540
Thread 0 checking nonce 0x00000550
Thread 0 checking nonce 0x00000560
Thread 0 checking nonce 0x00000570
Thread 0 checking nonce 0x00000580
Thread 0 checking nonce 0x00000590
Thread 0 checking nonce 0x000005a0
Thread 0 checking nonce 0x000005b0
Thread 0 checking nonce 0x000005c0
Thread 0 checking nonce 0x000005d0
Thread 0 checking nonce 0x000005e0
Thread 0 checking nonce 0x000005f0
Thread 0 checking nonce 0x00000600
Thread 0 checking nonce 0x00000610
Thread 0 checking nonce 0x00000620
Thread 0 checking nonce 0x00000630
Thread 0 checking nonce 0x00000640
Thread 0 checking nonce 0x00000650
Thread 0 checking nonce 0x00000660
Thread 0 checking nonce 0x00000670
Thread 0 checking nonce 0x00000680
Thread 0 checking nonce 0x00000690
Thread 0 checking nonce 0x000006a0
Thread 0 checking nonce 0x000006b0
Thread 0 checking nonce 0x000006c0
Thread 0 checking nonce 0x000006d0
Thread 0 checking nonce 0x000006e0
Thread 0 checking nonce 0x000006f0
Thread 0 checking nonce 0x00000700
Thread 0 checking nonce 0x00000710
Thread 0 checking nonce 0x00000720
Thread 0 checking nonce 0x00000730
Thread 0 checking nonce 0x00000740
Thread 0 checking nonce 0x00000750
Thread 0 checking nonce 0x00000760
Thread 0 checking nonce 0x00000770
Thread 0 checking nonce 0x00000780
Thread 0 checking nonce 0x00000790
Thread 0 checking nonce 0x000007a0
Thread 0 checking nonce 0x000007b0
Thread 0 checking nonce 0x000007c0
Thread 0 checking nonce 0x000007d0
Thread 0 checking nonce 0x000007e0
Thread 0 checking nonce 0x000007f0
Thread 0 checking nonce 0x00000800
Thread 0 checking nonce 0x00000810
Thread 0 checking nonce 0x00000820
Thread 0 checking nonce 0x00000830
Thread 0 checking nonce 0x00000840
Thread 0 checking nonce 0x00000850
Thread 0 checking nonce 0x00000860
Thread 0 checking nonce 0x00000870
Thread 0 checking nonce 0x00000880
Thread 0 checking nonce 0x00000890
Thread 0 checking nonce 0x000008a0
Thread 0 checking nonce 0x000008b0
Thread 0 checking nonce 0x000008c0
Thread 0 checking nonce 0x000008d0
Thread 0 checking nonce 0x000008e0
Thread 0 checking nonce 0x000008f0
Thread 0 checking nonce 0x00000900
Thread 0 checking nonce 0x00000910
Thread 0 checking nonce 0x00000920
Thread 0 checking nonce 0x00000930
Thread 0 checking nonce 0x00000940
Thread 0 checking nonce 0x00000950
Thread 0 checking nonce 0x00000960
Thread 0 checking nonce 0x00000970
Thread 0 checking nonce 0x00000980
Thread 0 checking nonce 0x00000990
Thread 0 checking nonce 0x000009a0
Thread 0 checking nonce 0x000009b0
Thread 0 checking nonce 0x000009c0
Thread 0 checking nonce 0x000009d0
Thread 0 checking nonce 0x000009e0
Thread 0 checking nonce 0x000009f0
Thread 0 checking nonce 0x00000a00
Thread 0 checking nonce 0x00000a10
Thread 0 checking nonce 0x00000a20
Thread 0 checking nonce 0x00000a30
Thread 0 checking nonce 0x00000a40
Thread 0 checking nonce 0x00000a50
Thread 0 checking nonce 0x00000a60
Thread 0 checking nonce 0x00000a70
Thread 0 checking nonce 0x00000a80
Thread 0 checking nonce 0x00000a90
Thread 0 checking nonce 0x00000aa0
Thread 0 checking nonce 0x00000ab0
Thread 0 checking nonce 0x00000ac0
Thread 0 checking nonce 0x00000ad0
Thread 0 checking nonce 0x00000ae0
Thread 0 checking nonce 0x00000af0
Thread 0 checking nonce 0x00000b00
Thread 0 checking nonce 0x00000b10
Thread 0 checking nonce 0x00000b20
Thread 0 checking nonce 0x00000b30
Thread 0 checking nonce 0x00000b40
Thread 0 checking nonce 0x00000b50
Thread 0 checking nonce 0x00000b60
Thread 0 checking nonce 0x00000b70
Thread 0 checking nonce 0x00000b80
Thread 0 checking nonce 0x00000b90
Thread 0 checking nonce 0x00000ba0
Thread 0 checking nonce 0x00000bb0
Thread 0 checking nonce 0x00000bc0
Thread 0 checking nonce 0x00000bd0
Thread 0 checking nonce 0x00000be0
Thread 0 checking nonce 0x00000bf0
Thread 0 checking nonce 0x00000c00
Thread 0 checking nonce 0x00000c10
Thread 0 checking nonce 0x00000c20
Thread 0 checking nonce 0x00000c30
Thread 0 checking nonce 0x00000c40
Thread 0 checking nonce 0x00000c50
Thread 0 checking nonce 0x00000c60
Thread 0 checking nonce 0x00000c70
Thread 0 checking nonce 0x00000c80
Thread 0 checking nonce 0x00000c90
Thread 0 checking nonce 0x00000ca0
Thread 0 checking nonce 0x00000cb0
Thread 0 checking nonce 0x00000cc0
Thread 0 checking nonce 0x00000cd0
Thread 0 checking nonce 0x00000ce0
Thread 0 checking nonce 0x00000cf0
Thread 0 checking nonce 0x00000d00
Thread 0 checking nonce 0x00000d10
Thread 0 checking nonce 0x00000d20
Thread 0 checking nonce 0x00000d30
Thread 0 checking nonce 0x00000d40
Thread 0 checking nonce 0x00000d50
Thread 0 checking nonce 0x00000d60
Thread 0 checking nonce 0x00000d70
Thread 0 checking nonce 0x00000d80
Thread 0 checking nonce 0x00000d90
Thread 0 checking nonce 0x00000da0
Thread 0 checking nonce 0x00000db0
Thread 0 checking nonce 0x00000dc0
Thread 0 checking nonce 0x00000dd0
Thread 0 checking nonce 0x00000de0
Thread 0 checking nonce 0x00000df0
Thread 0 checking nonce 0x00000e00
Thread 0 checking nonce 0x00000e10
Thread 0 checking nonce 0x00000e20
Thread 0 checking nonce 0x00000e30
Thread 0 checking nonce 0x00000e40
Thread 0 checking nonce 0x00000e50
Thread 0 checking nonce 0x00000e60
Thread 0 checking nonce 0x00000e70
Thread 0 checking nonce 0x00000e80
Thread 0 checking nonce 0x00000e90
Thread 0 checking nonce 0x00000ea0
Thread 1 checking nonce 0x00000001
Thread 1 checking nonce 0x00000011
Thread 1 checking nonce 0x00000021
Thread 1 checking nonce 0x00000031
Thread 1 checking nonce 0x00000041
Thread 1 checking nonce 0x00000051
Thread 1 checking nonce 0x00000061
Thread 1 checking nonce 0x00000071
Thread 1 checking nonce 0x00000081
Thread 1 checking nonce 0x00000091
Thread 1 checking nonce 0x000000a1
Thread 1 checking nonce 0x000000b1
Thread 1 checking nonce 0x000000c1
Thread 1 checking nonce 0x000000d1
Thread 1 checking nonce 0x000000e1
Thread 1 checking nonce 0x000000f1
Thread 1 checking nonce 0x00000101
Thread 1 checking nonce 0x00000111
Thread 1 checking nonce 0x00000121
Thread 1 checking nonce 0x00000131
Thread 1 checking nonce 0x00000141
Thread 1 checking nonce 0x00000151
Thread 1 checking nonce 0x00000161
Thread 1 checking nonce 0x00000171
Thread 1 checking nonce 0x00000181
Thread 1 checking nonce 0x00000191
Thread 1 checking nonce 0x000001a1
Thread 1 checking nonce 0x000001b1
Thread 1 checking nonce 0x000001c1
Thread 1 checking nonce 0x000001d1
Thread 1 checking nonce 0x000001e1
Thread 1 checking nonce 0x000001f1
Thread 1 checking nonce 0x00000201
Thread 1 checking nonce 0x00000211
Thread 1 checking nonce 0x00000221
Thread 1 checking nonce 0x00000231
Thread 1 checking nonce 0x00000241
Thread 1 checking nonce 0x00000251
Thread 1 checking nonce 0x00000261
Thread 1 checking nonce 0x00000271
Thread 1 checking nonce 0x00000281
Thread 1 checking nonce 0x00000291
Thread 1 checking nonce 0x000002a1
Thread 1 checking nonce 0x000002b1
Thread 1 checking nonce 0x000002c1
Thread 1 checking nonce 0x000002d1
Thread 1 checking nonce 0x000002e1
Thread 1 checking nonce 0x000002f1
Thread 1 checking nonce 0x00000301
Thread 1 checking nonce 0x00000311
Thread 1 checking nonce 0x00000321
Thread 1 checking nonce 0x00000331
Thread 1 checking nonce 0x00000341
Thread 1 checking nonce 0x00000351
Thread 1 checking nonce 0x00000361
Thread 1 checking nonce 0x00000371
Thread 1 checking nonce 0x00000381
Thread 1 checking nonce 0x00000391
Thread 1 checking nonce 0x000003a1
Thread 1 checking nonce 0x000003b1
Thread 1 checking nonce 0x000003c1
Thread 1 checking nonce 0x000003d1
Thread 1 checking nonce 0x000003e1
Thread 1 checking nonce 0x000003f1
Thread 1 checking nonce 0x00000401
Thread 1 checking nonce 0x00000411
Thread 1 checking nonce 0x00000421
Thread 1 checking nonce 0x00000431
Thread 1 checking nonce 0x00000441
Thread 1 checking nonce 0x00000451
Thread 1 checking nonce 0x00000461
Thread 1 checking nonce 0x00000471
Thread 1 checking nonce 0x00000481
Thread 1 checking nonce 0x00000491
Thread 1 checking nonce 0x000004a1
Thread 1 checking nonce 0x000004b1
Thread 1 checking nonce 0x000004c1
Thread 1 checking nonce 0x000004d1
Thread 1 checking nonce 0x000004e1
Thread 1 checking nonce 0x000004f1
Thread 1 checking nonce 0x00000501
Thread 1 checking nonce 0x00000511
Thread 1 checking nonce 0x00000521
Thread 1 checking nonce 0x00000531
Thread 1 checking nonce 0x00000541
Thread 1 checking nonce 0x00000551
Thread 1 checking nonce 0x00000561
Thread 1 checking nonce 0x00000571
Thread 1 checking nonce 0x00000581
Thread 1 checking nonce 0x00000591
Thread 1 checking nonce 0x000005a1
Thread 1 checking nonce 0x000005b1
Thread 1 checking nonce 0x000005c1
Thread 1 checking nonce 0x000005d1
Thread 1 checking nonce 0x000005e1
Thread 1 checking nonce 0x000005f1
Thread 1 checking nonce 0x00000601
Thread 1 checking nonce 0x00000611
Thread 1 checking nonce 0x00000621
Thread 1 checking nonce 0x00000631
Thread 1 checking nonce 0x00000641
Thread 1 checking nonce 0x00000651
Thread 1 checking nonce 0x00000661
Thread 1 checking nonce 0x00000671
Thread 1 checking nonce 0x00000681
Thread 1 checking nonce 0x00000691
Thread 1 checking nonce 0x000006a1
Thread 1 checking nonce 0x000006b1
Thread 1 checking nonce 0x000006c1
Thread 1 checking nonce 0x000006d1
Thread 1 checking nonce 0x000006e1
Thread 1 checking nonce 0x000006f1
Thread 1 checking nonce 0x00000701
Thread 1 checking nonce 0x00000711
Thread 1 checking nonce 0x00000721
Thread 1 checking nonce 0x00000731
Thread 1 checking nonce 0x00000741
Thread 1 checking nonce 0x00000751
Thread 1 checking nonce 0x00000761
Thread 1 checking nonce 0x00000771
Thread 1 checking nonce 0x00000781
Thread 1 checking nonce 0x00000791
Thread 1 checking nonce 0x000007a1
Thread 1 checking nonce 0x000007b1
Thread 1 checking nonce 0x000007c1
Thread 1 checking nonce 0x000007d1
Thread 3 checking nonce 0x00000003
Thread 3 checking nonce 0x00000013
Thread 3 checking nonce 0x00000023
Thread 3 checking nonce 0x00000033
Thread 3 checking nonce 0x00000043
Thread 3 checking nonce 0x00000053
Thread 3 checking nonce 0x00000063
Thread 3 checking nonce 0x00000073
Thread 3 checking nonce 0x00000083
Thread 3 checking nonce 0x00000093
Thread 3 checking nonce 0x000000a3
Thread 3 checking nonce 0x000000b3
Thread 3 checking nonce 0x000000c3
Thread 3 checking nonce 0x000000d3
Thread 3 checking nonce 0x000000e3
Thread 3 checking nonce 0x000000f3
Thread 3 checking nonce 0x00000103
Thread 3 checking nonce 0x00000113
Thread 3 checking nonce 0x00000123
Thread 3 checking nonce 0x00000133
Thread 2 checking nonce 0x00000002
Thread 3 checking nonce 0x00000143
Thread 3 checking nonce 0x00000153
Thread 3 checking nonce 0x00000163
Thread 3 checking nonce 0x00000173
Thread 3 checking nonce 0x00000183
Thread 3 checking nonce 0x00000193
Thread 3 checking nonce 0x000001a3
Thread 3 checking nonce 0x000001b3
Thread 3 checking nonce 0x000001c3
Thread 3 checking nonce 0x000001d3
Thread 3 checking nonce 0x000001e3
Thread 3 checking nonce 0x000001f3
Thread 3 checking nonce 0x00000203
Thread 3 checking nonce 0x00000213
Thread 3 checking nonce 0x00000223
Thread 1 checking nonce 0x000007e1
Thread 1 checking nonce 0x000007f1
Thread 1 checking nonce 0x00000801
Thread 1 checking nonce 0x00000811
Thread 1 checking nonce 0x00000821
Thread 1 checking nonce 0x00000831
Thread 1 checking nonce 0x00000841
Thread 1 checking nonce 0x00000851
Thread 1 checking nonce 0x00000861
Thread 1 checking nonce 0x00000871
Thread 1 checking nonce 0x00000881
Thread 1 checking nonce 0x00000891
Thread 1 checking nonce 0x000008a1
Thread 1 checking nonce 0x000008b1
Thread 1 checking nonce 0x000008c1
Thread 1 checking nonce 0x000008d1
Thread 1 checking nonce 0x000008e1
Thread 1 checking nonce 0x000008f1
Thread 1 checking nonce 0x00000901
Thread 1 checking nonce 0x00000911
Thread 1 checking nonce 0x00000921
Thread 1 checking nonce 0x00000931
Thread 1 checking nonce 0x00000941
Thread 1 checking nonce 0x00000951
Thread 1 checking nonce 0x00000961
Thread 1 checking nonce 0x00000971
Thread 1 checking nonce 0x00000981
Thread 1 checking nonce 0x00000991
Thread 1 checking nonce 0x000009a1
Thread 1 checking nonce 0x000009b1
Thread 1 checking nonce 0x000009c1
Thread 1 checking nonce 0x000009d1
Thread 1 checking nonce 0x000009e1
Thread 1 checking nonce 0x000009f1
Thread 1 checking nonce 0x00000a01
Thread 1 checking nonce 0x00000a11
Thread 1 checking nonce 0x00000a21
Thread 1 checking nonce 0x00000a31
Thread 1 checking nonce 0x00000a41
Thread 1 checking nonce 0x00000a51
Thread 5 checking nonce 0x00000005
Thread 4 checking nonce 0x00000004
Thread 5 checking nonce 0x00000015
Thread 4 checking nonce 0x00000014
Thread 1 checking nonce 0x00000a61
Thread 1 checking nonce 0x00000a71
Thread 1 checking nonce 0x00000a81
Thread 1 checking nonce 0x00000a91
Thread 1 checking nonce 0x00000aa1
Thread 1 checking nonce 0x00000ab1
Thread 1 checking nonce 0x00000ac1
Thread 1 checking nonce 0x00000ad1
Thread 1 checking nonce 0x00000ae1
Thread 1 checking nonce 0x00000af1
Thread 3 checking nonce 0x00000233
Thread 5 checking nonce 0x00000025
Thread 5 checking nonce 0x00000035
Thread 5 checking nonce 0x00000045
Thread 5 checking nonce 0x00000055
Thread 5 checking nonce 0x00000065
Thread 5 checking nonce 0x00000075
Thread 5 checking nonce 0x00000085
Thread 5 checking nonce 0x00000095
Thread 5 checking nonce 0x000000a5
Thread 5 checking nonce 0x000000b5
Thread 5 checking nonce 0x000000c5
Thread 2 checking nonce 0x00000012
Thread 7 checking nonce 0x00000007
Thread 7 checking nonce 0x00000017
Thread 7 checking nonce 0x00000027
Thread 6 checking nonce 0x00000006
Thread 7 checking nonce 0x00000037
Thread 8 checking nonce 0x00000008
Thread 5 checking nonce 0x000000d5
Thread 5 checking nonce 0x000000e5
Thread 5 checking nonce 0x000000f5
Thread 5 checking nonce 0x00000105
Thread 5 checking nonce 0x00000115
Thread 5 checking nonce 0x00000125
Thread 5 checking nonce 0x00000135
Thread 5 checking nonce 0x00000145
Thread 5 checking nonce 0x00000155
Thread 5 checking nonce 0x00000165
Thread 5 checking nonce 0x00000175
Thread 5 checking nonce 0x00000185
Thread 5 checking nonce 0x00000195
Thread 5 checking nonce 0x000001a5
Thread 5 checking nonce 0x000001b5
Thread 5 checking nonce 0x000001c5
Thread 5 checking nonce 0x000001d5
Thread 5 checking nonce 0x000001e5
Thread 5 checking nonce 0x000001f5
Thread 5 checking nonce 0x00000205
Thread 5 checking nonce 0x00000215
Thread 5 checking nonce 0x00000225
Thread 5 checking nonce 0x00000235
Thread 5 checking nonce 0x00000245
Thread 4 checking nonce 0x00000024
Thread 8 checking nonce 0x00000018
Thread 8 checking nonce 0x00000028
Thread 8 checking nonce 0x00000038
Thread 8 checking nonce 0x00000048
Thread 8 checking nonce 0x00000058
Thread 8 checking nonce 0x00000068
Thread 8 checking nonce 0x00000078
Thread 8 checking nonce 0x00000088
Thread 8 checking nonce 0x00000098
Thread 8 checking nonce 0x000000a8
Thread 8 checking nonce 0x000000b8
Thread 8 checking nonce 0x000000c8
Thread 5 checking nonce 0x00000255
Thread 8 checking nonce 0x000000d8
Thread 8 checking nonce 0x000000e8
Thread 8 checking nonce 0x000000f8
Thread 8 checking nonce 0x00000108
Thread 8 checking nonce 0x00000118
Thread 5 checking nonce 0x00000265
Thread 8 checking nonce 0x00000128
Thread 8 checking nonce 0x00000138
Thread 4 checking nonce 0x00000034
Thread 5 checking nonce 0x00000275
Thread 5 checking nonce 0x00000285
Thread 5 checking nonce 0x00000295
Thread 5 checking nonce 0x000002a5
Thread 5 checking nonce 0x000002b5
Thread 5 checking nonce 0x000002c5
Thread 5 checking nonce 0x000002d5
Thread 5 checking nonce 0x000002e5
Thread 5 checking nonce 0x000002f5
Thread 5 checking nonce 0x00000305
Thread 2 checking nonce 0x00000022
Thread 6 checking nonce 0x00000016
Thread 10 checking nonce 0x0000000a
Thread 4 checking nonce 0x00000044
Thread 5 checking nonce 0x00000315
Thread 2 checking nonce 0x00000032
Thread 2 checking nonce 0x00000042
Thread 2 checking nonce 0x00000052
Thread 2 checking nonce 0x00000062
Thread 2 checking nonce 0x00000072
Thread 2 checking nonce 0x00000082
Thread 2 checking nonce 0x00000092
Thread 2 checking nonce 0x000000a2
Thread 1 checking nonce 0x00000b01
Thread 5 checking nonce 0x00000325
Thread 4 checking nonce 0x00000054
Thread 5 checking nonce 0x00000335
Thread 2 checking nonce 0x000000b2
Thread 6 checking nonce 0x00000026
Thread 11 checking nonce 0x0000000b
Thread 11 checking nonce 0x0000001b
Thread 11 checking nonce 0x0000002b
Thread 11 checking nonce 0x0000003b
Thread 11 checking nonce 0x0000004b
Thread 11 checking nonce 0x0000005b
Thread 4 checking nonce 0x00000064
Thread 6 checking nonce 0x00000036
Thread 7 checking nonce 0x00000047
Thread 8 checking nonce 0x00000148
Thread 4 checking nonce 0x00000074
Thread 11 checking nonce 0x0000006b
Thread 7 checking nonce 0x00000057
Thread 15 checking nonce 0x0000000f
Thread 5 checking nonce 0x00000345
Thread 3 checking nonce 0x00000243
Thread 11 checking nonce 0x0000007b
Thread 12 checking nonce 0x0000000c
Thread 2 checking nonce 0x000000c2
Thread 11 checking nonce 0x0000008b
Thread 11 checking nonce 0x0000009b
Thread 11 checking nonce 0x000000ab
Thread 11 checking nonce 0x000000bb
Thread 11 checking nonce 0x000000cb
Thread 11 checking nonce 0x000000db
Thread 11 checking nonce 0x000000eb
Thread 2 checking nonce 0x000000d2
Thread 1 checking nonce 0x00000b11
Thread 2 checking nonce 0x000000e2
Thread 12 checking nonce 0x0000001c
Thread 1 checking nonce 0x00000b21
Thread 1 checking nonce 0x00000b31
Thread 1 checking nonce 0x00000b41
Thread 1 checking nonce 0x00000b51
Thread 1 checking nonce 0x00000b61
Thread 8 checking nonce 0x00000158
Thread 1 checking nonce 0x00000b71
Thread 1 checking nonce 0x00000b81
Thread 4 checking nonce 0x00000084
Thread 10 checking nonce 0x0000001a
Thread 12 checking nonce 0x0000002c
Thread 10 checking nonce 0x0000002a
Thread 2 checking nonce 0x000000f2
Thread 10 checking nonce 0x0000003a
Thread 10 checking nonce 0x0000004a
Thread 10 checking nonce 0x0000005a
Thread 10 checking nonce 0x0000006a
Thread 10 checking nonce 0x0000007a
Thread 10 checking nonce 0x0000008a
Thread 10 checking nonce 0x0000009a
Thread 10 checking nonce 0x000000aa
Thread 8 checking nonce 0x00000168
Thread 15 checking nonce 0x0000001f
Thread 6 checking nonce 0x00000046
Thread 6 checking nonce 0x00000056
Thread 6 checking nonce 0x00000066
Thread 6 checking nonce 0x00000076
Thread 4 checking nonce 0x00000094
Thread 10 checking nonce 0x000000ba
Thread 11 checking nonce 0x000000fb
Thread 4 checking nonce 0x000000a4
Thread 11 checking nonce 0x0000010b
Thread 11 checking nonce 0x0000011b
Thread 11 checking nonce 0x0000012b
Thread 11 checking nonce 0x0000013b
Thread 12 checking nonce 0x0000003c
Thread 4 checking nonce 0x000000b4
Thread 11 checking nonce 0x0000014b
Thread 7 checking nonce 0x00000067
Thread 11 checking nonce 0x0000015b
Thread 7 checking nonce 0x00000077
Thread 4 checking nonce 0x000000c4
Thread 1 checking nonce 0x00000b91
Thread 3 checking nonce 0x00000253
Thread 8 checking nonce 0x00000178
Thread 3 checking nonce 0x00000263
Thread 14 checking nonce 0x0000000e
Thread 4 checking nonce 0x000000d4
Thread 7 checking nonce 0x00000087
Thread 11 checking nonce 0x0000016b
Thread 4 checking nonce 0x000000e4
Thread 3 checking nonce 0x00000273
Thread 1 checking nonce 0x00000ba1
Thread 3 checking nonce 0x00000283
Thread 4 checking nonce 0x000000f4
Thread 1 checking nonce 0x00000bb1
Thread 7 checking nonce 0x00000097
Thread 8 checking nonce 0x00000188
Thread 1 checking nonce 0x00000bc1
Thread 11 checking nonce 0x0000017b
Thread 5 checking nonce 0x00000355
Thread 15 checking nonce 0x0000002f
Thread 3 checking nonce 0x00000293
Thread 12 checking nonce 0x0000004c
Thread 3 checking nonce 0x000002a3
Thread 3 checking nonce 0x000002b3
Thread 5 checking nonce 0x00000365
Thread 15 checking nonce 0x0000003f
Thread 2 checking nonce 0x00000102
Thread 5 checking nonce 0x00000375
Thread 2 checking nonce 0x00000112
Thread 2 checking nonce 0x00000122
Thread 7 checking nonce 0x000000a7
Thread 4 checking nonce 0x00000104
Thread 3 checking nonce 0x000002c3
Thread 1 checking nonce 0x00000bd1
Thread 3 checking nonce 0x000002d3
Thread 3 checking nonce 0x000002e3
Thread 3 checking nonce 0x000002f3
Thread 1 checking nonce 0x00000be1
Thread 4 checking nonce 0x00000114
Thread 1 checking nonce 0x00000bf1
Thread 15 checking nonce 0x0000004f
Thread 15 checking nonce 0x0000005f
Thread 15 checking nonce 0x0000006f
Thread 15 checking nonce 0x0000007f
Thread 1 checking nonce 0x00000c01
Thread 1 checking nonce 0x00000c11
Thread 15 checking nonce 0x0000008f
Thread 14 checking nonce 0x0000001e
Thread 7 checking nonce 0x000000b7
Thread 15 checking nonce 0x0000009f
Thread 15 checking nonce 0x000000af
Thread 15 checking nonce 0x000000bf
Thread 15 checking nonce 0x000000cf
Thread 1 checking nonce 0x00000c21
Thread 7 checking nonce 0x000000c7
Thread 15 checking nonce 0x000000df
Thread 7 checking nonce 0x000000d7
Thread 7 checking nonce 0x000000e7
Thread 7 checking nonce 0x000000f7
Thread 14 checking nonce 0x0000002e
Thread 3 checking nonce 0x00000303
Thread 6 checking nonce 0x00000086
Thread 6 checking nonce 0x00000096
Thread 6 checking nonce 0x000000a6
Thread 5 checking nonce 0x00000385
Thread 13 checking nonce 0x0000000d
Thread 6 checking nonce 0x000000b6
Thread 6 checking nonce 0x000000c6
Thread 4 checking nonce 0x00000124
Thread 4 checking nonce 0x00000134
Thread 4 checking nonce 0x00000144
Thread 12 checking nonce 0x0000005c
Thread 1 checking nonce 0x00000c31
Thread 12 checking nonce 0x0000006c
Thread 10 checking nonce 0x000000ca
Thread 8 checking nonce 0x00000198
Thread 1 checking nonce 0x00000c41
Thread 1 checking nonce 0x00000c51
Thread 1 checking nonce 0x00000c61
Thread 1 checking nonce 0x00000c71
Thread 5 checking nonce 0x00000395
Thread 12 checking nonce 0x0000007c
Thread 11 checking nonce 0x0000018b
Thread 5 checking nonce 0x000003a5
Thread 5 checking nonce 0x000003b5
Thread 5 checking nonce 0x000003c5
Thread 5 checking nonce 0x000003d5
Thread 5 checking nonce 0x000003e5
Thread 5 checking nonce 0x000003f5
Thread 5 checking nonce 0x00000405
Thread 5 checking nonce 0x00000415
Thread 5 checking nonce 0x00000425
Thread 5 checking nonce 0x00000435
Thread 5 checking nonce 0x00000445
Thread 5 checking nonce 0x00000455
Thread 5 checking nonce 0x00000465
Thread 5 checking nonce 0x00000475
Thread 5 checking nonce 0x00000485
Thread 5 checking nonce 0x00000495
Thread 5 checking nonce 0x000004a5
Thread 5 checking nonce 0x000004b5
Thread 5 checking nonce 0x000004c5
Thread 5 checking nonce 0x000004d5
Thread 5 checking nonce 0x000004e5
Thread 5 checking nonce 0x000004f5
Thread 5 checking nonce 0x00000505
Thread 5 checking nonce 0x00000515
Thread 5 checking nonce 0x00000525
Thread 5 checking nonce 0x00000535
Thread 5 checking nonce 0x00000545
Thread 5 checking nonce 0x00000555
Thread 5 checking nonce 0x00000565
Thread 5 checking nonce 0x00000575
Thread 5 checking nonce 0x00000585
Thread 5 checking nonce 0x00000595
Thread 5 checking nonce 0x000005a5
Thread 5 checking nonce 0x000005b5
Thread 5 checking nonce 0x000005c5
Thread 5 checking nonce 0x000005d5
Thread 5 checking nonce 0x000005e5
Thread 5 checking nonce 0x000005f5
Thread 5 checking nonce 0x00000605
Thread 5 checking nonce 0x00000615
Thread 12 checking nonce 0x0000008c
Thread 12 checking nonce 0x0000009c
Thread 12 checking nonce 0x000000ac
Thread 12 checking nonce 0x000000bc
Thread 12 checking nonce 0x000000cc
Thread 12 checking nonce 0x000000dc
Thread 8 checking nonce 0x000001a8
Thread 11 checking nonce 0x0000019b
Thread 11 checking nonce 0x000001ab
Thread 11 checking nonce 0x000001bb
Thread 11 checking nonce 0x000001cb
Thread 10 checking nonce 0x000000da
Thread 11 checking nonce 0x000001db
Thread 3 checking nonce 0x00000313
Thread 15 checking nonce 0x000000ef
Thread 15 checking nonce 0x000000ff
Thread 15 checking nonce 0x0000010f
Thread 15 checking nonce 0x0000011f
Thread 15 checking nonce 0x0000012f
Thread 15 checking nonce 0x0000013f
Thread 15 checking nonce 0x0000014f
Thread 15 checking nonce 0x0000015f
Thread 15 checking nonce 0x0000016f
Thread 15 checking nonce 0x0000017f
Thread 15 checking nonce 0x0000018f
Thread 15 checking nonce 0x0000019f
Thread 15 checking nonce 0x000001af
Thread 15 checking nonce 0x000001bf
Thread 15 checking nonce 0x000001cf
Thread 15 checking nonce 0x000001df
Thread 15 checking nonce 0x000001ef
Thread 15 checking nonce 0x000001ff
Thread 15 checking nonce 0x0000020f
Thread 15 checking nonce 0x0000021f
Thread 15 checking nonce 0x0000022f
Thread 15 checking nonce 0x0000023f
Thread 15 checking nonce 0x0000024f
Thread 15 checking nonce 0x0000025f
Thread 15 checking nonce 0x0000026f
Thread 15 checking nonce 0x0000027f
Thread 15 checking nonce 0x0000028f
Thread 15 checking nonce 0x0000029f
Thread 15 checking nonce 0x000002af
Thread 15 checking nonce 0x000002bf
Thread 15 checking nonce 0x000002cf
Thread 15 checking nonce 0x000002df
Thread 15 checking nonce 0x000002ef
Thread 15 checking nonce 0x000002ff
Thread 15 checking nonce 0x0000030f
Thread 15 checking nonce 0x0000031f
Thread 12 checking nonce 0x000000ec
Thread 12 checking nonce 0x000000fc
Thread 12 checking nonce 0x0000010c
Thread 12 checking nonce 0x0000011c
Thread 13 checking nonce 0x0000001d
Thread 8 checking nonce 0x000001b8
Thread 8 checking nonce 0x000001c8
Thread 8 checking nonce 0x000001d8
Thread 8 checking nonce 0x000001e8
Thread 8 checking nonce 0x000001f8
Thread 8 checking nonce 0x00000208
Thread 8 checking nonce 0x00000218
Thread 8 checking nonce 0x00000228
Thread 8 checking nonce 0x00000238
Thread 8 checking nonce 0x00000248
Thread 8 checking nonce 0x00000258
Thread 8 checking nonce 0x00000268
Thread 8 checking nonce 0x00000278
Thread 8 checking nonce 0x00000288
Thread 8 checking nonce 0x00000298
Thread 8 checking nonce 0x000002a8
Thread 8 checking nonce 0x000002b8
Thread 8 checking nonce 0x000002c8
Thread 8 checking nonce 0x000002d8
Thread 1 checking nonce 0x00000c81
Thread 12 checking nonce 0x0000012c
Thread 12 checking nonce 0x0000013c
Thread 12 checking nonce 0x0000014c
Thread 12 checking nonce 0x0000015c
Thread 12 checking nonce 0x0000016c
Thread 12 checking nonce 0x0000017c
Thread 12 checking nonce 0x0000018c
Thread 12 checking nonce 0x0000019c
Thread 12 checking nonce 0x000001ac
Thread 12 checking nonce 0x000001bc
Thread 12 checking nonce 0x000001cc
Thread 12 checking nonce 0x000001dc
Thread 12 checking nonce 0x000001ec
Thread 12 checking nonce 0x000001fc
Thread 12 checking nonce 0x0000020c
Thread 14 checking nonce 0x0000003e
Thread 8 checking nonce 0x000002e8
Thread 8 checking nonce 0x000002f8
Thread 8 checking nonce 0x00000308
Thread 8 checking nonce 0x00000318
Thread 14 checking nonce 0x0000004e
Thread 14 checking nonce 0x0000005e
Thread 14 checking nonce 0x0000006e
Thread 11 checking nonce 0x000001eb
Thread 6 checking nonce 0x000000d6
Thread 6 checking nonce 0x000000e6
Thread 6 checking nonce 0x000000f6
Thread 6 checking nonce 0x00000106
Thread 6 checking nonce 0x00000116
Thread 6 checking nonce 0x00000126
Thread 7 checking nonce 0x00000107
Thread 11 checking nonce 0x000001fb
Thread 4 checking nonce 0x00000154
Thread 10 checking nonce 0x000000ea
Thread 11 checking nonce 0x0000020b
Thread 2 checking nonce 0x00000132
Thread 4 checking nonce 0x00000164
Thread 4 checking nonce 0x00000174
Thread 4 checking nonce 0x00000184
Thread 4 checking nonce 0x00000194
Thread 7 checking nonce 0x00000117
Thread 7 checking nonce 0x00000127
Thread 7 checking nonce 0x00000137
Thread 7 checking nonce 0x00000147
Thread 7 checking nonce 0x00000157
Thread 7 checking nonce 0x00000167
Thread 7 checking nonce 0x00000177
Thread 7 checking nonce 0x00000187
Thread 7 checking nonce 0x00000197
Thread 7 checking nonce 0x000001a7
Thread 7 checking nonce 0x000001b7
Thread 7 checking nonce 0x000001c7
Thread 7 checking nonce 0x000001d7
Thread 7 checking nonce 0x000001e7
Thread 4 checking nonce 0x000001a4
Thread 6 checking nonce 0x00000136
Thread 4 checking nonce 0x000001b4
Thread 6 checking nonce 0x00000146
Thread 6 checking nonce 0x00000156
Thread 6 checking nonce 0x00000166
Thread 6 checking nonce 0x00000176
Thread 7 checking nonce 0x000001f7
Thread 6 checking nonce 0x00000186
Thread 6 checking nonce 0x00000196
Thread 7 checking nonce 0x00000207
Thread 6 checking nonce 0x000001a6
Thread 7 checking nonce 0x00000217
Thread 7 checking nonce 0x00000227
Thread 11 checking nonce 0x0000021b
Thread 7 checking nonce 0x00000237
Thread 6 checking nonce 0x000001b6
Thread 6 checking nonce 0x000001c6
Thread 13 checking nonce 0x0000002d
Thread 6 checking nonce 0x000001d6
Thread 10 checking nonce 0x000000fa
Thread 14 checking nonce 0x0000007e
Thread 2 checking nonce 0x00000142
Thread 12 checking nonce 0x0000021c
Thread 11 checking nonce 0x0000022b
Thread 11 checking nonce 0x0000023b
Thread 11 checking nonce 0x0000024b
Thread 12 checking nonce 0x0000022c
Thread 12 checking nonce 0x0000023c
Thread 11 checking nonce 0x0000025b
Thread 9 checking nonce 0x00000009
Thread 11 checking nonce 0x0000026b
Thread 11 checking nonce 0x0000027b
Thread 11 checking nonce 0x0000028b
Thread 11 checking nonce 0x0000029b
Thread 11 checking nonce 0x000002ab
Thread 11 checking nonce 0x000002bb
Thread 12 checking nonce 0x0000024c
Thread 9 checking nonce 0x00000019
Thread 14 checking nonce 0x0000008e
Thread 12 checking nonce 0x0000025c
Thread 12 checking nonce 0x0000026c
Thread 12 checking nonce 0x0000027c
Thread 12 checking nonce 0x0000028c
Thread 12 checking nonce 0x0000029c
Thread 7 checking nonce 0x00000247
Thread 13 checking nonce 0x0000003d
Thread 7 checking nonce 0x00000257
Thread 7 checking nonce 0x00000267
Thread 7 checking nonce 0x00000277
Thread 7 checking nonce 0x00000287
Thread 7 checking nonce 0x00000297
Thread 7 checking nonce 0x000002a7
Thread 7 checking nonce 0x000002b7
Thread 12 checking nonce 0x000002ac
Thread 9 checking nonce 0x00000029
Thread 9 checking nonce 0x00000039
Thread 9 checking nonce 0x00000049
Thread 9 checking nonce 0x00000059
Thread 2 checking nonce 0x00000152
Thread 6 checking nonce 0x000001e6
Thread 4 checking nonce 0x000001c4
Thread 14 checking nonce 0x0000009e
Thread 6 checking nonce 0x000001f6
Thread 6 checking nonce 0x00000206
Thread 6 checking nonce 0x00000216
Thread 6 checking nonce 0x00000226
Thread 6 checking nonce 0x00000236
Thread 6 checking nonce 0x00000246
Thread 6 checking nonce 0x00000256
Thread 6 checking nonce 0x00000266
Thread 6 checking nonce 0x00000276
Thread 6 checking nonce 0x00000286
Thread 6 checking nonce 0x00000296
Thread 4 checking nonce 0x000001d4
Thread 14 checking nonce 0x000000ae
Thread 14 checking nonce 0x000000be
Thread 14 checking nonce 0x000000ce
Thread 14 checking nonce 0x000000de
Thread 14 checking nonce 0x000000ee
Thread 10 checking nonce 0x0000010a
Thread 2 checking nonce 0x00000162
Thread 2 checking nonce 0x00000172
Thread 2 checking nonce 0x00000182
Thread 2 checking nonce 0x00000192
Thread 2 checking nonce 0x000001a2
Thread 2 checking nonce 0x000001b2
Thread 2 checking nonce 0x000001c2
Thread 2 checking nonce 0x000001d2
Thread 2 checking nonce 0x000001e2
Thread 2 checking nonce 0x000001f2
Thread 2 checking nonce 0x00000202
Thread 11 checking nonce 0x000002cb
Thread 10 checking nonce 0x0000011a
Thread 10 checking nonce 0x0000012a
Thread 10 checking nonce 0x0000013a
Thread 14 checking nonce 0x000000fe
Thread 14 checking nonce 0x0000010e
Thread 14 checking nonce 0x0000011e
Thread 14 checking nonce 0x0000012e
Thread 14 checking nonce 0x0000013e
Thread 14 checking nonce 0x0000014e
Thread 14 checking nonce 0x0000015e
Thread 14 checking nonce 0x0000016e
Thread 14 checking nonce 0x0000017e
Thread 14 checking nonce 0x0000018e
Thread 14 checking nonce 0x0000019e
Thread 14 checking nonce 0x000001ae
Thread 14 checking nonce 0x000001be
Thread 14 checking nonce 0x000001ce
Thread 14 checking nonce 0x000001de
Thread 14 checking nonce 0x000001ee
Thread 14 checking nonce 0x000001fe
Thread 14 checking nonce 0x0000020e
Thread 14 checking nonce 0x0000021e
Thread 14 checking nonce 0x0000022e
Thread 12 checking nonce 0x000002bc
Thread 10 checking nonce 0x0000014a
Thread 10 checking nonce 0x0000015a
Thread 10 checking nonce 0x0000016a
Thread 10 checking nonce 0x0000017a
Thread 10 checking nonce 0x0000018a
Thread 10 checking nonce 0x0000019a
Thread 10 checking nonce 0x000001aa
Thread 10 checking nonce 0x000001ba
Thread 10 checking nonce 0x000001ca
Thread 10 checking nonce 0x000001da
Thread 10 checking nonce 0x000001ea
Thread 10 checking nonce 0x000001fa
Thread 10 checking nonce 0x0000020a
Thread 10 checking nonce 0x0000021a
Thread 2 checking nonce 0x00000212
Thread 13 checking nonce 0x0000004d
Thread 9 checking nonce 0x00000069
Thread 9 checking nonce 0x00000079
Thread 9 checking nonce 0x00000089
Thread 9 checking nonce 0x00000099
Thread 9 checking nonce 0x000000a9
Thread 9 checking nonce 0x000000b9
Thread 9 checking nonce 0x000000c9
Thread 9 checking nonce 0x000000d9
Thread 9 checking nonce 0x000000e9
Thread 9 checking nonce 0x000000f9
Thread 9 checking nonce 0x00000109
Thread 9 checking nonce 0x00000119
Thread 9 checking nonce 0x00000129
Thread 9 checking nonce 0x00000139
Thread 9 checking nonce 0x00000149
Thread 9 checking nonce 0x00000159
Thread 9 checking nonce 0x00000169
Thread 9 checking nonce 0x00000179
Thread 9 checking nonce 0x00000189
Thread 9 checking nonce 0x00000199
Thread 9 checking nonce 0x000001a9
Thread 9 checking nonce 0x000001b9
Thread 9 checking nonce 0x000001c9
Thread 9 checking nonce 0x000001d9
Thread 9 checking nonce 0x000001e9
Thread 14 checking nonce 0x0000023e
Thread 9 checking nonce 0x000001f9
Thread 9 checking nonce 0x00000209
Thread 9 checking nonce 0x00000219
Thread 9 checking nonce 0x00000229
Thread 9 checking nonce 0x00000239
Thread 9 checking nonce 0x00000249
Thread 9 checking nonce 0x00000259
Thread 9 checking nonce 0x00000269
Thread 9 checking nonce 0x00000279
Thread 9 checking nonce 0x00000289
Thread 9 checking nonce 0x00000299
Thread 9 checking nonce 0x000002a9
Thread 9 checking nonce 0x000002b9
Thread 6 checking nonce 0x000002a6
Thread 4 checking nonce 0x000001e4
Thread 4 checking nonce 0x000001f4
Thread 4 checking nonce 0x00000204
Thread 4 checking nonce 0x00000214
Thread 4 checking nonce 0x00000224
Thread 4 checking nonce 0x00000234
Thread 4 checking nonce 0x00000244
Thread 14 checking nonce 0x0000024e
Thread 14 checking nonce 0x0000025e
Thread 14 checking nonce 0x0000026e
Thread 14 checking nonce 0x0000027e
Thread 14 checking nonce 0x0000028e
Thread 14 checking nonce 0x0000029e
Thread 14 checking nonce 0x000002ae
Thread 14 checking nonce 0x000002be
Thread 4 checking nonce 0x00000254
Thread 6 checking nonce 0x000002b6
Thread 6 checking nonce 0x000002c6
Thread 2 checking nonce 0x00000222
Thread 2 checking nonce 0x00000232
Thread 2 checking nonce 0x00000242
Thread 2 checking nonce 0x00000252
Thread 2 checking nonce 0x00000262
Thread 2 checking nonce 0x00000272
Thread 2 checking nonce 0x00000282
Thread 2 checking nonce 0x00000292
Thread 2 checking nonce 0x000002a2
Thread 2 checking nonce 0x000002b2
Thread 2 checking nonce 0x000002c2
Thread 13 checking nonce 0x0000005d
Thread 13 checking nonce 0x0000006d
Thread 13 checking nonce 0x0000007d
Thread 13 checking nonce 0x0000008d
Thread 13 checking nonce 0x0000009d
Thread 13 checking nonce 0x000000ad
Thread 13 checking nonce 0x000000bd
Thread 13 checking nonce 0x000000cd
Thread 13 checking nonce 0x000000dd
Thread 13 checking nonce 0x000000ed
Thread 13 checking nonce 0x000000fd
Thread 13 checking nonce 0x0000010d
Thread 13 checking nonce 0x0000011d
Thread 13 checking nonce 0x0000012d
Thread 13 checking nonce 0x0000013d
Thread 13 checking nonce 0x0000014d
Thread 13 checking nonce 0x0000015d
Thread 13 checking nonce 0x0000016d
Thread 13 checking nonce 0x0000017d
Thread 13 checking nonce 0x0000018d
Thread 13 checking nonce 0x0000019d
Thread 13 checking nonce 0x000001ad
Thread 13 checking nonce 0x000001bd
Thread 13 checking nonce 0x000001cd
Thread 13 checking nonce 0x000001dd
Thread 13 checking nonce 0x000001ed
Thread 13 checking nonce 0x000001fd
Thread 13 checking nonce 0x0000020d
Thread 13 checking nonce 0x0000021d
Thread 13 checking nonce 0x0000022d
Thread 13 checking nonce 0x0000023d
Thread 13 checking nonce 0x0000024d
Thread 13 checking nonce 0x0000025d
Thread 13 checking nonce 0x0000026d
Thread 13 checking nonce 0x0000027d
Thread 13 checking nonce 0x0000028d
Thread 13 checking nonce 0x0000029d
Thread 13 checking nonce 0x000002ad
Thread 13 checking nonce 0x000002bd
Thread 10 checking nonce 0x0000022a
Thread 4 checking nonce 0x00000264
Thread 10 checking nonce 0x0000023a
Thread 4 checking nonce 0x00000274
Thread 4 checking nonce 0x00000284
Thread 10 checking nonce 0x0000024a
Thread 10 checking nonce 0x0000025a
Thread 10 checking nonce 0x0000026a
Thread 10 checking nonce 0x0000027a
Thread 4 checking nonce 0x00000294
Thread 10 checking nonce 0x0000028a
Thread 4 checking nonce 0x000002a4
Thread 10 checking nonce 0x0000029a
Thread 10 checking nonce 0x000002aa
Block mined: 1 0 0x00000000 1
12358 Cat Dov 150000 200
0x000002a4 0x00b3f33c
