Received event TRX with ID 11235
Adding transaction: 11235 Al_Alpha Beth_Beta 150000 40
Received event TRX with ID 11236
Adding transaction: 11236 Cat_Charlie Dov_Delta 150000 20
Received event TRX with ID 11237
Adding transaction: 11237 Eve_Echo Fin_Foxtrot 150000 25
Received event TRX with ID 11238
Adding transaction: 11238 Guy_Golf Hana_Hotel 150000 40
Received event TRX with ID 11239
Adding transaction: 11239 Iona_Indigo Jeff_Juliet 150000 20
Received event TRX with ID 11240
Adding transaction: 11240 Kit_Kilo Liam_Lima 150000 25
Received event TRX with ID 11241
Adding transaction: 11241 Mona_Mike Nick_November 150000 40
Received event TRX with ID 11242
Adding transaction: 11242 Otto_Oscar Peta_Papa 150000 20
Received event TRX with ID 11243
Adding transaction: 11243 Qu_Quebec Reya_Romeo 150000 25
Received event BLK with ID 1
Removing transaction: 11235 Al_Alpha Beth_Beta 150000 40
Removing transaction: 11238 Guy_Golf Hana_Hotel 150000 40
Removing transaction: 11241 Mona_Mike Nick_November 150000 40
Removing transaction: 11236 Cat_Charlie Dov_Delta 150000 20
Removing transaction: 11237 Eve_Echo Fin_Foxtrot 150000 25
Removing transaction: 11239 Iona_Indigo Jeff_Juliet 150000 20
Received event END
